<?xml version="1.0" encoding="utf-8"?><testsuites><testsuite name="pytest" errors="0" failures="0" skipped="0" tests="5" time="5.581" timestamp="2023-09-14T20:39:47.309547" hostname="david-pc"><testcase classname="tests.api.test_api.TestBatchPipeline" name="test_health" time="0.143" /><testcase classname="tests.api.test_api.TestBatchPipeline" name="test_should_failed_unkown_column_1" time="0.004" /><testcase classname="tests.api.test_api.TestBatchPipeline" name="test_should_failed_unkown_column_2" time="0.004" /><testcase classname="tests.api.test_api.TestBatchPipeline" name="test_should_failed_unkown_column_3" time="0.005" /><testcase classname="tests.api.test_api.TestBatchPipeline" name="test_should_get_predict" time="0.006" /></testsuite></testsuites>